../Core/Src/main.c:96:5:main	8	static
../Core/Src/main.c:157:6:SystemClock_Config	88	static
../Core/Src/main.c:204:13:MX_TIM1_Init	80	static
../Core/Src/main.c:269:13:MX_TIM2_Init	48	static
../Core/Src/main.c:318:13:MX_TIM3_Init	48	static
../Core/Src/main.c:367:13:MX_TIM4_Init	48	static
../Core/Src/main.c:416:13:MX_TIM5_Init	48	static
../Core/Src/main.c:465:13:MX_TIM6_Init	16	static
../Core/Src/main.c:503:13:MX_TIM7_Init	16	static
../Core/Src/main.c:541:13:MX_TIM8_Init	80	static
../Core/Src/main.c:606:13:MX_TIM9_Init	40	static
../Core/Src/main.c:648:13:MX_TIM10_Init	40	static
../Core/Src/main.c:694:13:MX_TIM11_Init	40	static
../Core/Src/main.c:740:13:MX_TIM12_Init	40	static
../Core/Src/main.c:782:13:MX_TIM13_Init	40	static
../Core/Src/main.c:828:13:MX_TIM14_Init	40	static
../Core/Src/main.c:874:13:MX_USART2_UART_Init	8	static
../Core/Src/main.c:907:13:MX_GPIO_Init	56	static
../Core/Src/main.c:939:6:Error_Handler	4	static,ignoring_inline_asm
